Archive member included to satisfy reference by file (symbol)

c:/program files (x86)/atmel/studio/7.0/toolchain/avr8/avr8-gnu-toolchain/bin/../lib/gcc/avr/4.9.2/avr6\libgcc.a(_udivmodsi4.o)
                              src/FreeRTOS/Source/portable/GCC/ATMega256x/port.o (__udivmodsi4)
c:/program files (x86)/atmel/studio/7.0/toolchain/avr8/avr8-gnu-toolchain/bin/../lib/gcc/avr/4.9.2/avr6\libgcc.a(_divmodsi4.o)
                              src/Common/Minimal/integer.o (__divmodsi4)
c:/program files (x86)/atmel/studio/7.0/toolchain/avr8/avr8-gnu-toolchain/bin/../lib/gcc/avr/4.9.2/avr6\libgcc.a(_negsi2.o)
                              c:/program files (x86)/atmel/studio/7.0/toolchain/avr8/avr8-gnu-toolchain/bin/../lib/gcc/avr/4.9.2/avr6\libgcc.a(_divmodsi4.o) (__negsi2)
c:/program files (x86)/atmel/studio/7.0/toolchain/avr8/avr8-gnu-toolchain/bin/../lib/gcc/avr/4.9.2/avr6\libgcc.a(_exit.o)
                              C:/Program Files (x86)/Atmel/Studio/7.0/Packs/atmel/ATmega_DFP/1.0.98/gcc/dev/atmega2560/avr6/crtatmega2560.o (exit)
c:/program files (x86)/atmel/studio/7.0/toolchain/avr8/avr8-gnu-toolchain/bin/../lib/gcc/avr/4.9.2/avr6\libgcc.a(_tablejump2.o)
                              src/FreeRTOS/Source/timers.o (__tablejump2__)
c:/program files (x86)/atmel/studio/7.0/toolchain/avr8/avr8-gnu-toolchain/bin/../lib/gcc/avr/4.9.2/avr6\libgcc.a(_copy_data.o)
                              src/Common/Minimal/comtest.o (__do_copy_data)
c:/program files (x86)/atmel/studio/7.0/toolchain/avr8/avr8-gnu-toolchain/bin/../lib/gcc/avr/4.9.2/avr6\libgcc.a(_clear_bss.o)
                              src/Common/Minimal/comtest.o (__do_clear_bss)
c:/program files (x86)/atmel/studio/7.0/toolchain/avr8/avr8-gnu-toolchain/bin/../lib/gcc/avr/4.9.2/avr6\libgcc.a(_umulhisi3.o)
                              src/Common/Minimal/comtest.o (__umulhisi3)
c:/program files (x86)/atmel/studio/7.0/toolchain/avr8/avr8-gnu-toolchain/bin/../lib/gcc/avr/4.9.2/../../../../avr/lib/avr6\libc.a(memcpy.o)
                              src/FreeRTOS/Source/queue.o (memcpy)

Allocating common symbols
Common symbol       size              file

xSemaphore3         0x2               src/main.o
xSemaphore1         0x2               src/main.o
xTimer2             0x2               src/main.o
xSemaphore2         0x2               src/main.o
xTimer1             0x2               src/main.o
xTimer3             0x2               src/main.o

Discarded input sections

 .data          0x00000000        0x0 C:/Program Files (x86)/Atmel/Studio/7.0/Packs/atmel/ATmega_DFP/1.0.98/gcc/dev/atmega2560/avr6/crtatmega2560.o
 .bss           0x00000000        0x0 C:/Program Files (x86)/Atmel/Studio/7.0/Packs/atmel/ATmega_DFP/1.0.98/gcc/dev/atmega2560/avr6/crtatmega2560.o
 .text          0x00000000        0x0 src/Common/Minimal/comtest.o
 .data          0x00000000        0x0 src/Common/Minimal/comtest.o
 .bss           0x00000000        0x0 src/Common/Minimal/comtest.o
 .bss.xPort     0x00000000        0x2 src/Common/Minimal/comtest.o
 .bss.uxBaseLED
                0x00000000        0x1 src/Common/Minimal/comtest.o
 .bss.uxRxLoops
                0x00000000        0x1 src/Common/Minimal/comtest.o
 .rodata        0x00000000        0xc src/Common/Minimal/comtest.o
 .text.vAltStartComTestTasks
                0x00000000       0xa6 src/Common/Minimal/comtest.o
 .lowtext       0x00000000      0x15c src/Common/Minimal/comtest.o
 .text.xAreComTestTasksStillRunning
                0x00000000       0x28 src/Common/Minimal/comtest.o
 .debug_info    0x00000000      0x20f src/Common/Minimal/comtest.o
 .debug_abbrev  0x00000000       0xc2 src/Common/Minimal/comtest.o
 .debug_loc     0x00000000      0x17b src/Common/Minimal/comtest.o
 .debug_aranges
                0x00000000       0x38 src/Common/Minimal/comtest.o
 .debug_ranges  0x00000000       0x28 src/Common/Minimal/comtest.o
 .debug_line    0x00000000      0x27c src/Common/Minimal/comtest.o
 .debug_str     0x00000000      0x2a4 src/Common/Minimal/comtest.o
 .comment       0x00000000       0x31 src/Common/Minimal/comtest.o
 .debug_frame   0x00000000       0xb8 src/Common/Minimal/comtest.o
 .text          0x00000000        0x0 src/Common/Minimal/crflash.o
 .data          0x00000000        0x0 src/Common/Minimal/crflash.o
 .bss           0x00000000        0x0 src/Common/Minimal/crflash.o
 .bss.xFlashQueue
                0x00000000        0x2 src/Common/Minimal/crflash.o
 .data.xCoRoutineFlashStatus
                0x00000000        0x1 src/Common/Minimal/crflash.o
 .text.vStartFlashCoRoutines
                0x00000000       0x6a src/Common/Minimal/crflash.o
 .text.prvFixedDelayCoRoutine
                0x00000000      0x104 src/Common/Minimal/crflash.o
 .text.prvFlashCoRoutine
                0x00000000       0xbc src/Common/Minimal/crflash.o
 .text.xAreFlashCoRoutinesStillRunning
                0x00000000       0x12 src/Common/Minimal/crflash.o
 .rodata.xFlashRates.1708
                0x00000000       0x10 src/Common/Minimal/crflash.o
 .debug_info    0x00000000      0x2d9 src/Common/Minimal/crflash.o
 .debug_abbrev  0x00000000       0xfa src/Common/Minimal/crflash.o
 .debug_loc     0x00000000      0x113 src/Common/Minimal/crflash.o
 .debug_aranges
                0x00000000       0x38 src/Common/Minimal/crflash.o
 .debug_ranges  0x00000000       0x28 src/Common/Minimal/crflash.o
 .debug_line    0x00000000      0x294 src/Common/Minimal/crflash.o
 .debug_str     0x00000000      0x341 src/Common/Minimal/crflash.o
 .comment       0x00000000       0x31 src/Common/Minimal/crflash.o
 .debug_frame   0x00000000       0x94 src/Common/Minimal/crflash.o
 .text          0x00000000        0x0 src/Common/Minimal/integer.o
 .data          0x00000000        0x0 src/Common/Minimal/integer.o
 .bss           0x00000000        0x0 src/Common/Minimal/integer.o
 .bss.xTaskCheck
                0x00000000        0x1 src/Common/Minimal/integer.o
 .rodata        0x00000000        0x8 src/Common/Minimal/integer.o
 .text.vStartIntegerMathTasks
                0x00000000       0x76 src/Common/Minimal/integer.o
 .lowtext       0x00000000       0xda src/Common/Minimal/integer.o
 .text.xAreIntegerMathsTaskStillRunning
                0x00000000       0x54 src/Common/Minimal/integer.o
 .debug_info    0x00000000      0x194 src/Common/Minimal/integer.o
 .debug_abbrev  0x00000000       0xce src/Common/Minimal/integer.o
 .debug_loc     0x00000000      0x132 src/Common/Minimal/integer.o
 .debug_aranges
                0x00000000       0x30 src/Common/Minimal/integer.o
 .debug_ranges  0x00000000       0x20 src/Common/Minimal/integer.o
 .debug_line    0x00000000      0x1a0 src/Common/Minimal/integer.o
 .debug_str     0x00000000      0x23f src/Common/Minimal/integer.o
 .comment       0x00000000       0x31 src/Common/Minimal/integer.o
 .debug_frame   0x00000000       0x98 src/Common/Minimal/integer.o
 .text          0x00000000        0x0 src/Common/Minimal/PollQ.o
 .data          0x00000000        0x0 src/Common/Minimal/PollQ.o
 .bss           0x00000000        0x0 src/Common/Minimal/PollQ.o
 .bss.xPollingConsumerCount
                0x00000000        0x1 src/Common/Minimal/PollQ.o
 .bss.xPollingProducerCount
                0x00000000        0x1 src/Common/Minimal/PollQ.o
 .rodata        0x00000000       0x10 src/Common/Minimal/PollQ.o
 .text.vStartPolledQueueTasks
                0x00000000       0x86 src/Common/Minimal/PollQ.o
 .lowtext       0x00000000      0x112 src/Common/Minimal/PollQ.o
 .text.xArePollingQueuesStillRunning
                0x00000000       0x34 src/Common/Minimal/PollQ.o
 .bss.xPolledQueue.2000
                0x00000000        0x2 src/Common/Minimal/PollQ.o
 .debug_info    0x00000000      0x1f1 src/Common/Minimal/PollQ.o
 .debug_abbrev  0x00000000       0xb3 src/Common/Minimal/PollQ.o
 .debug_loc     0x00000000      0x17a src/Common/Minimal/PollQ.o
 .debug_aranges
                0x00000000       0x38 src/Common/Minimal/PollQ.o
 .debug_ranges  0x00000000       0x28 src/Common/Minimal/PollQ.o
 .debug_line    0x00000000      0x261 src/Common/Minimal/PollQ.o
 .debug_str     0x00000000      0x2a1 src/Common/Minimal/PollQ.o
 .comment       0x00000000       0x31 src/Common/Minimal/PollQ.o
 .debug_frame   0x00000000       0xb8 src/Common/Minimal/PollQ.o
 .text          0x00000000        0x0 src/FreeRTOS/Source/event_groups.o
 .data          0x00000000        0x0 src/FreeRTOS/Source/event_groups.o
 .bss           0x00000000        0x0 src/FreeRTOS/Source/event_groups.o
 .text.xEventGroupCreate
                0x00000000       0x42 src/FreeRTOS/Source/event_groups.o
 .text.xEventGroupSync
                0x00000000      0x176 src/FreeRTOS/Source/event_groups.o
 .text.xEventGroupWaitBits
                0x00000000      0x18c src/FreeRTOS/Source/event_groups.o
 .text.xEventGroupClearBits
                0x00000000       0x72 src/FreeRTOS/Source/event_groups.o
 .text.xEventGroupGetBitsFromISR
                0x00000000       0x46 src/FreeRTOS/Source/event_groups.o
 .text.xEventGroupSetBits
                0x00000000      0x17a src/FreeRTOS/Source/event_groups.o
 .text.vEventGroupDelete
                0x00000000       0x64 src/FreeRTOS/Source/event_groups.o
 .text.vEventGroupSetBitsCallback
                0x00000000       0x38 src/FreeRTOS/Source/event_groups.o
 .text.vEventGroupClearBitsCallback
                0x00000000       0x38 src/FreeRTOS/Source/event_groups.o
 .text.prvTestWaitCondition
                0x00000000       0x62 src/FreeRTOS/Source/event_groups.o
 .debug_info    0x00000000      0x64b src/FreeRTOS/Source/event_groups.o
 .debug_abbrev  0x00000000      0x139 src/FreeRTOS/Source/event_groups.o
 .debug_loc     0x00000000      0x2e5 src/FreeRTOS/Source/event_groups.o
 .debug_aranges
                0x00000000       0x68 src/FreeRTOS/Source/event_groups.o
 .debug_ranges  0x00000000       0x58 src/FreeRTOS/Source/event_groups.o
 .debug_line    0x00000000      0x4e5 src/FreeRTOS/Source/event_groups.o
 .debug_str     0x00000000      0x4e1 src/FreeRTOS/Source/event_groups.o
 .comment       0x00000000       0x31 src/FreeRTOS/Source/event_groups.o
 .debug_frame   0x00000000      0x160 src/FreeRTOS/Source/event_groups.o
 .text          0x00000000        0x0 src/FreeRTOS/Source/list.o
 .data          0x00000000        0x0 src/FreeRTOS/Source/list.o
 .bss           0x00000000        0x0 src/FreeRTOS/Source/list.o
 .text          0x00000000        0x0 src/FreeRTOS/Source/portable/croutine.o
 .data          0x00000000        0x0 src/FreeRTOS/Source/portable/croutine.o
 .bss           0x00000000        0x0 src/FreeRTOS/Source/portable/croutine.o
 .bss.xDelayedCoRoutineList1
                0x00000000        0x9 src/FreeRTOS/Source/portable/croutine.o
 .bss.xDelayedCoRoutineList2
                0x00000000        0x9 src/FreeRTOS/Source/portable/croutine.o
 .text.xCoRoutineCreate
                0x00000000      0x138 src/FreeRTOS/Source/portable/croutine.o
 .text.vCoRoutineAddToDelayedList
                0x00000000       0xc6 src/FreeRTOS/Source/portable/croutine.o
 .text.prvInitialiseCoRoutineLists
                0x00000000       0x72 src/FreeRTOS/Source/portable/croutine.o
 .text.xCoRoutineRemoveFromEventList
                0x00000000       0x72 src/FreeRTOS/Source/portable/croutine.o
 .text          0x00000000        0x0 src/FreeRTOS/Source/portable/GCC/ATMega256x/port.o
 .data          0x00000000        0x0 src/FreeRTOS/Source/portable/GCC/ATMega256x/port.o
 .bss           0x00000000        0x0 src/FreeRTOS/Source/portable/GCC/ATMega256x/port.o
 .text.vPortEndScheduler
                0x00000000       0x20 src/FreeRTOS/Source/portable/GCC/ATMega256x/port.o
 .text          0x00000000        0x0 src/FreeRTOS/Source/portable/MemMang/heap_1.o
 .data          0x00000000        0x0 src/FreeRTOS/Source/portable/MemMang/heap_1.o
 .bss           0x00000000        0x0 src/FreeRTOS/Source/portable/MemMang/heap_1.o
 .text.vPortInitialiseBlocks
                0x00000000       0x16 src/FreeRTOS/Source/portable/MemMang/heap_1.o
 .text.xPortGetFreeHeapSize
                0x00000000       0x22 src/FreeRTOS/Source/portable/MemMang/heap_1.o
 .text          0x00000000        0x0 src/FreeRTOS/Source/queue.o
 .data          0x00000000        0x0 src/FreeRTOS/Source/queue.o
 .bss           0x00000000        0x0 src/FreeRTOS/Source/queue.o
 .text.xQueueGiveFromISR
                0x00000000       0xb8 src/FreeRTOS/Source/queue.o
 .text.xQueuePeekFromISR
                0x00000000       0x78 src/FreeRTOS/Source/queue.o
 .text.uxQueueMessagesWaiting
                0x00000000       0x30 src/FreeRTOS/Source/queue.o
 .text.uxQueueSpacesAvailable
                0x00000000       0x4e src/FreeRTOS/Source/queue.o
 .text.uxQueueMessagesWaitingFromISR
                0x00000000       0x26 src/FreeRTOS/Source/queue.o
 .text.vQueueDelete
                0x00000000       0x2e src/FreeRTOS/Source/queue.o
 .text.xQueueIsQueueEmptyFromISR
                0x00000000       0x30 src/FreeRTOS/Source/queue.o
 .text.xQueueIsQueueFullFromISR
                0x00000000       0x38 src/FreeRTOS/Source/queue.o
 .text.xQueueCRSend
                0x00000000       0xc2 src/FreeRTOS/Source/queue.o
 .text.xQueueCRReceive
                0x00000000      0x132 src/FreeRTOS/Source/queue.o
 .text.xQueueCRSendFromISR
                0x00000000       0x82 src/FreeRTOS/Source/queue.o
 .text.xQueueCRReceiveFromISR
                0x00000000      0x108 src/FreeRTOS/Source/queue.o
 .text          0x00000000        0x0 src/FreeRTOS/Source/tasks.o
 .data          0x00000000        0x0 src/FreeRTOS/Source/tasks.o
 .bss           0x00000000        0x0 src/FreeRTOS/Source/tasks.o
 .text.vTaskDelayUntil
                0x00000000       0xf2 src/FreeRTOS/Source/tasks.o
 .text.vTaskEndScheduler
                0x00000000       0x18 src/FreeRTOS/Source/tasks.o
 .text.xTaskGetTickCountFromISR
                0x00000000       0x28 src/FreeRTOS/Source/tasks.o
 .text.uxTaskGetNumberOfTasks
                0x00000000       0x12 src/FreeRTOS/Source/tasks.o
 .text.vTaskPlaceOnUnorderedEventList
                0x00000000       0x88 src/FreeRTOS/Source/tasks.o
 .text.xTaskRemoveFromUnorderedEventList
                0x00000000       0xd6 src/FreeRTOS/Source/tasks.o
 .text.uxTaskResetEventItemValue
                0x00000000       0x56 src/FreeRTOS/Source/tasks.o
 .text.ulTaskNotifyTake
                0x00000000      0x11c src/FreeRTOS/Source/tasks.o
 .text.xTaskNotifyWait
                0x00000000      0x16c src/FreeRTOS/Source/tasks.o
 .text.xTaskGenericNotify
                0x00000000      0x1c2 src/FreeRTOS/Source/tasks.o
 .text.xTaskNotifyFromISR
                0x00000000      0x1c0 src/FreeRTOS/Source/tasks.o
 .text.vTaskNotifyGiveFromISR
                0x00000000      0x112 src/FreeRTOS/Source/tasks.o
 .text          0x00000000        0x0 src/FreeRTOS/Source/timers.o
 .data          0x00000000        0x0 src/FreeRTOS/Source/timers.o
 .bss           0x00000000        0x0 src/FreeRTOS/Source/timers.o
 .text.pcTimerGetTimerName
                0x00000000       0x30 src/FreeRTOS/Source/timers.o
 .text.xTimerIsTimerActive
                0x00000000       0x4a src/FreeRTOS/Source/timers.o
 .text.pvTimerGetTimerID
                0x00000000       0x46 src/FreeRTOS/Source/timers.o
 .text.vTimerSetTimerID
                0x00000000       0x46 src/FreeRTOS/Source/timers.o
 .text          0x00000000        0x0 src/main.o
 .data          0x00000000        0x0 src/main.o
 .bss           0x00000000        0x0 src/main.o
 .text          0x00000000        0x0 src/serial/serial.o
 .data          0x00000000        0x0 src/serial/serial.o
 .bss           0x00000000        0x0 src/serial/serial.o
 .text.xSerialPortInitMinimal
                0x00000000       0xd2 src/serial/serial.o
 .text.xSerialGetChar
                0x00000000       0x4a src/serial/serial.o
 .text.xSerialPutChar
                0x00000000       0x64 src/serial/serial.o
 .text.vSerialClose
                0x00000000       0x5c src/serial/serial.o
 .text          0x00000000        0x0 c:/program files (x86)/atmel/studio/7.0/toolchain/avr8/avr8-gnu-toolchain/bin/../lib/gcc/avr/4.9.2/avr6\libgcc.a(_udivmodsi4.o)
 .data          0x00000000        0x0 c:/program files (x86)/atmel/studio/7.0/toolchain/avr8/avr8-gnu-toolchain/bin/../lib/gcc/avr/4.9.2/avr6\libgcc.a(_udivmodsi4.o)
 .bss           0x00000000        0x0 c:/program files (x86)/atmel/studio/7.0/toolchain/avr8/avr8-gnu-toolchain/bin/../lib/gcc/avr/4.9.2/avr6\libgcc.a(_udivmodsi4.o)
 .text.libgcc.mul
                0x00000000        0x0 c:/program files (x86)/atmel/studio/7.0/toolchain/avr8/avr8-gnu-toolchain/bin/../lib/gcc/avr/4.9.2/avr6\libgcc.a(_udivmodsi4.o)
 .text.libgcc   0x00000000        0x0 c:/program files (x86)/atmel/studio/7.0/toolchain/avr8/avr8-gnu-toolchain/bin/../lib/gcc/avr/4.9.2/avr6\libgcc.a(_udivmodsi4.o)
 .text.libgcc.prologue
                0x00000000        0x0 c:/program files (x86)/atmel/studio/7.0/toolchain/avr8/avr8-gnu-toolchain/bin/../lib/gcc/avr/4.9.2/avr6\libgcc.a(_udivmodsi4.o)
 .text.libgcc.builtins
                0x00000000        0x0 c:/program files (x86)/atmel/studio/7.0/toolchain/avr8/avr8-gnu-toolchain/bin/../lib/gcc/avr/4.9.2/avr6\libgcc.a(_udivmodsi4.o)
 .text.libgcc.fmul
                0x00000000        0x0 c:/program files (x86)/atmel/studio/7.0/toolchain/avr8/avr8-gnu-toolchain/bin/../lib/gcc/avr/4.9.2/avr6\libgcc.a(_udivmodsi4.o)
 .text.libgcc.fixed
                0x00000000        0x0 c:/program files (x86)/atmel/studio/7.0/toolchain/avr8/avr8-gnu-toolchain/bin/../lib/gcc/avr/4.9.2/avr6\libgcc.a(_udivmodsi4.o)
 .text          0x00000000        0x0 c:/program files (x86)/atmel/studio/7.0/toolchain/avr8/avr8-gnu-toolchain/bin/../lib/gcc/avr/4.9.2/avr6\libgcc.a(_divmodsi4.o)
 .data          0x00000000        0x0 c:/program files (x86)/atmel/studio/7.0/toolchain/avr8/avr8-gnu-toolchain/bin/../lib/gcc/avr/4.9.2/avr6\libgcc.a(_divmodsi4.o)
 .bss           0x00000000        0x0 c:/program files (x86)/atmel/studio/7.0/toolchain/avr8/avr8-gnu-toolchain/bin/../lib/gcc/avr/4.9.2/avr6\libgcc.a(_divmodsi4.o)
 .text.libgcc.mul
                0x00000000        0x0 c:/program files (x86)/atmel/studio/7.0/toolchain/avr8/avr8-gnu-toolchain/bin/../lib/gcc/avr/4.9.2/avr6\libgcc.a(_divmodsi4.o)
 .text.libgcc.div
                0x00000000       0x2e c:/program files (x86)/atmel/studio/7.0/toolchain/avr8/avr8-gnu-toolchain/bin/../lib/gcc/avr/4.9.2/avr6\libgcc.a(_divmodsi4.o)
 .text.libgcc   0x00000000        0x0 c:/program files (x86)/atmel/studio/7.0/toolchain/avr8/avr8-gnu-toolchain/bin/../lib/gcc/avr/4.9.2/avr6\libgcc.a(_divmodsi4.o)
 .text.libgcc.prologue
                0x00000000        0x0 c:/program files (x86)/atmel/studio/7.0/toolchain/avr8/avr8-gnu-toolchain/bin/../lib/gcc/avr/4.9.2/avr6\libgcc.a(_divmodsi4.o)
 .text.libgcc.builtins
                0x00000000        0x0 c:/program files (x86)/atmel/studio/7.0/toolchain/avr8/avr8-gnu-toolchain/bin/../lib/gcc/avr/4.9.2/avr6\libgcc.a(_divmodsi4.o)
 .text.libgcc.fmul
                0x00000000        0x0 c:/program files (x86)/atmel/studio/7.0/toolchain/avr8/avr8-gnu-toolchain/bin/../lib/gcc/avr/4.9.2/avr6\libgcc.a(_divmodsi4.o)
 .text.libgcc.fixed
                0x00000000        0x0 c:/program files (x86)/atmel/studio/7.0/toolchain/avr8/avr8-gnu-toolchain/bin/../lib/gcc/avr/4.9.2/avr6\libgcc.a(_divmodsi4.o)
 .text          0x00000000        0x0 c:/program files (x86)/atmel/studio/7.0/toolchain/avr8/avr8-gnu-toolchain/bin/../lib/gcc/avr/4.9.2/avr6\libgcc.a(_negsi2.o)
 .data          0x00000000        0x0 c:/program files (x86)/atmel/studio/7.0/toolchain/avr8/avr8-gnu-toolchain/bin/../lib/gcc/avr/4.9.2/avr6\libgcc.a(_negsi2.o)
 .bss           0x00000000        0x0 c:/program files (x86)/atmel/studio/7.0/toolchain/avr8/avr8-gnu-toolchain/bin/../lib/gcc/avr/4.9.2/avr6\libgcc.a(_negsi2.o)
 .text.libgcc.mul
                0x00000000        0x0 c:/program files (x86)/atmel/studio/7.0/toolchain/avr8/avr8-gnu-toolchain/bin/../lib/gcc/avr/4.9.2/avr6\libgcc.a(_negsi2.o)
 .text.libgcc.div
                0x00000000       0x10 c:/program files (x86)/atmel/studio/7.0/toolchain/avr8/avr8-gnu-toolchain/bin/../lib/gcc/avr/4.9.2/avr6\libgcc.a(_negsi2.o)
 .text.libgcc   0x00000000        0x0 c:/program files (x86)/atmel/studio/7.0/toolchain/avr8/avr8-gnu-toolchain/bin/../lib/gcc/avr/4.9.2/avr6\libgcc.a(_negsi2.o)
 .text.libgcc.prologue
                0x00000000        0x0 c:/program files (x86)/atmel/studio/7.0/toolchain/avr8/avr8-gnu-toolchain/bin/../lib/gcc/avr/4.9.2/avr6\libgcc.a(_negsi2.o)
 .text.libgcc.builtins
                0x00000000        0x0 c:/program files (x86)/atmel/studio/7.0/toolchain/avr8/avr8-gnu-toolchain/bin/../lib/gcc/avr/4.9.2/avr6\libgcc.a(_negsi2.o)
 .text.libgcc.fmul
                0x00000000        0x0 c:/program files (x86)/atmel/studio/7.0/toolchain/avr8/avr8-gnu-toolchain/bin/../lib/gcc/avr/4.9.2/avr6\libgcc.a(_negsi2.o)
 .text.libgcc.fixed
                0x00000000        0x0 c:/program files (x86)/atmel/studio/7.0/toolchain/avr8/avr8-gnu-toolchain/bin/../lib/gcc/avr/4.9.2/avr6\libgcc.a(_negsi2.o)
 .text          0x00000000        0x0 c:/program files (x86)/atmel/studio/7.0/toolchain/avr8/avr8-gnu-toolchain/bin/../lib/gcc/avr/4.9.2/avr6\libgcc.a(_exit.o)
 .data          0x00000000        0x0 c:/program files (x86)/atmel/studio/7.0/toolchain/avr8/avr8-gnu-toolchain/bin/../lib/gcc/avr/4.9.2/avr6\libgcc.a(_exit.o)
 .bss           0x00000000        0x0 c:/program files (x86)/atmel/studio/7.0/toolchain/avr8/avr8-gnu-toolchain/bin/../lib/gcc/avr/4.9.2/avr6\libgcc.a(_exit.o)
 .text.libgcc.mul
                0x00000000        0x0 c:/program files (x86)/atmel/studio/7.0/toolchain/avr8/avr8-gnu-toolchain/bin/../lib/gcc/avr/4.9.2/avr6\libgcc.a(_exit.o)
 .text.libgcc.div
                0x00000000        0x0 c:/program files (x86)/atmel/studio/7.0/toolchain/avr8/avr8-gnu-toolchain/bin/../lib/gcc/avr/4.9.2/avr6\libgcc.a(_exit.o)
 .text.libgcc   0x00000000        0x0 c:/program files (x86)/atmel/studio/7.0/toolchain/avr8/avr8-gnu-toolchain/bin/../lib/gcc/avr/4.9.2/avr6\libgcc.a(_exit.o)
 .text.libgcc.prologue
                0x00000000        0x0 c:/program files (x86)/atmel/studio/7.0/toolchain/avr8/avr8-gnu-toolchain/bin/../lib/gcc/avr/4.9.2/avr6\libgcc.a(_exit.o)
 .text.libgcc.builtins
                0x00000000        0x0 c:/program files (x86)/atmel/studio/7.0/toolchain/avr8/avr8-gnu-toolchain/bin/../lib/gcc/avr/4.9.2/avr6\libgcc.a(_exit.o)
 .text.libgcc.fmul
                0x00000000        0x0 c:/program files (x86)/atmel/studio/7.0/toolchain/avr8/avr8-gnu-toolchain/bin/../lib/gcc/avr/4.9.2/avr6\libgcc.a(_exit.o)
 .text.libgcc.fixed
                0x00000000        0x0 c:/program files (x86)/atmel/studio/7.0/toolchain/avr8/avr8-gnu-toolchain/bin/../lib/gcc/avr/4.9.2/avr6\libgcc.a(_exit.o)
 .text          0x00000000        0x0 c:/program files (x86)/atmel/studio/7.0/toolchain/avr8/avr8-gnu-toolchain/bin/../lib/gcc/avr/4.9.2/avr6\libgcc.a(_tablejump2.o)
 .data          0x00000000        0x0 c:/program files (x86)/atmel/studio/7.0/toolchain/avr8/avr8-gnu-toolchain/bin/../lib/gcc/avr/4.9.2/avr6\libgcc.a(_tablejump2.o)
 .bss           0x00000000        0x0 c:/program files (x86)/atmel/studio/7.0/toolchain/avr8/avr8-gnu-toolchain/bin/../lib/gcc/avr/4.9.2/avr6\libgcc.a(_tablejump2.o)
 .text.libgcc.mul
                0x00000000        0x0 c:/program files (x86)/atmel/studio/7.0/toolchain/avr8/avr8-gnu-toolchain/bin/../lib/gcc/avr/4.9.2/avr6\libgcc.a(_tablejump2.o)
 .text.libgcc.div
                0x00000000        0x0 c:/program files (x86)/atmel/studio/7.0/toolchain/avr8/avr8-gnu-toolchain/bin/../lib/gcc/avr/4.9.2/avr6\libgcc.a(_tablejump2.o)
 .text.libgcc.prologue
                0x00000000        0x0 c:/program files (x86)/atmel/studio/7.0/toolchain/avr8/avr8-gnu-toolchain/bin/../lib/gcc/avr/4.9.2/avr6\libgcc.a(_tablejump2.o)
 .text.libgcc.builtins
                0x00000000        0x0 c:/program files (x86)/atmel/studio/7.0/toolchain/avr8/avr8-gnu-toolchain/bin/../lib/gcc/avr/4.9.2/avr6\libgcc.a(_tablejump2.o)
 .text.libgcc.fmul
                0x00000000        0x0 c:/program files (x86)/atmel/studio/7.0/toolchain/avr8/avr8-gnu-toolchain/bin/../lib/gcc/avr/4.9.2/avr6\libgcc.a(_tablejump2.o)
 .text.libgcc.fixed
                0x00000000        0x0 c:/program files (x86)/atmel/studio/7.0/toolchain/avr8/avr8-gnu-toolchain/bin/../lib/gcc/avr/4.9.2/avr6\libgcc.a(_tablejump2.o)
 .text          0x00000000        0x0 c:/program files (x86)/atmel/studio/7.0/toolchain/avr8/avr8-gnu-toolchain/bin/../lib/gcc/avr/4.9.2/avr6\libgcc.a(_copy_data.o)
 .data          0x00000000        0x0 c:/program files (x86)/atmel/studio/7.0/toolchain/avr8/avr8-gnu-toolchain/bin/../lib/gcc/avr/4.9.2/avr6\libgcc.a(_copy_data.o)
 .bss           0x00000000        0x0 c:/program files (x86)/atmel/studio/7.0/toolchain/avr8/avr8-gnu-toolchain/bin/../lib/gcc/avr/4.9.2/avr6\libgcc.a(_copy_data.o)
 .text.libgcc.mul
                0x00000000        0x0 c:/program files (x86)/atmel/studio/7.0/toolchain/avr8/avr8-gnu-toolchain/bin/../lib/gcc/avr/4.9.2/avr6\libgcc.a(_copy_data.o)
 .text.libgcc.div
                0x00000000        0x0 c:/program files (x86)/atmel/studio/7.0/toolchain/avr8/avr8-gnu-toolchain/bin/../lib/gcc/avr/4.9.2/avr6\libgcc.a(_copy_data.o)
 .text.libgcc   0x00000000        0x0 c:/program files (x86)/atmel/studio/7.0/toolchain/avr8/avr8-gnu-toolchain/bin/../lib/gcc/avr/4.9.2/avr6\libgcc.a(_copy_data.o)
 .text.libgcc.prologue
                0x00000000        0x0 c:/program files (x86)/atmel/studio/7.0/toolchain/avr8/avr8-gnu-toolchain/bin/../lib/gcc/avr/4.9.2/avr6\libgcc.a(_copy_data.o)
 .text.libgcc.builtins
                0x00000000        0x0 c:/program files (x86)/atmel/studio/7.0/toolchain/avr8/avr8-gnu-toolchain/bin/../lib/gcc/avr/4.9.2/avr6\libgcc.a(_copy_data.o)
 .text.libgcc.fmul
                0x00000000        0x0 c:/program files (x86)/atmel/studio/7.0/toolchain/avr8/avr8-gnu-toolchain/bin/../lib/gcc/avr/4.9.2/avr6\libgcc.a(_copy_data.o)
 .text.libgcc.fixed
                0x00000000        0x0 c:/program files (x86)/atmel/studio/7.0/toolchain/avr8/avr8-gnu-toolchain/bin/../lib/gcc/avr/4.9.2/avr6\libgcc.a(_copy_data.o)
 .text          0x00000000        0x0 c:/program files (x86)/atmel/studio/7.0/toolchain/avr8/avr8-gnu-toolchain/bin/../lib/gcc/avr/4.9.2/avr6\libgcc.a(_clear_bss.o)
 .data          0x00000000        0x0 c:/program files (x86)/atmel/studio/7.0/toolchain/avr8/avr8-gnu-toolchain/bin/../lib/gcc/avr/4.9.2/avr6\libgcc.a(_clear_bss.o)
 .bss           0x00000000        0x0 c:/program files (x86)/atmel/studio/7.0/toolchain/avr8/avr8-gnu-toolchain/bin/../lib/gcc/avr/4.9.2/avr6\libgcc.a(_clear_bss.o)
 .text.libgcc.mul
                0x00000000        0x0 c:/program files (x86)/atmel/studio/7.0/toolchain/avr8/avr8-gnu-toolchain/bin/../lib/gcc/avr/4.9.2/avr6\libgcc.a(_clear_bss.o)
 .text.libgcc.div
                0x00000000        0x0 c:/program files (x86)/atmel/studio/7.0/toolchain/avr8/avr8-gnu-toolchain/bin/../lib/gcc/avr/4.9.2/avr6\libgcc.a(_clear_bss.o)
 .text.libgcc   0x00000000        0x0 c:/program files (x86)/atmel/studio/7.0/toolchain/avr8/avr8-gnu-toolchain/bin/../lib/gcc/avr/4.9.2/avr6\libgcc.a(_clear_bss.o)
 .text.libgcc.prologue
                0x00000000        0x0 c:/program files (x86)/atmel/studio/7.0/toolchain/avr8/avr8-gnu-toolchain/bin/../lib/gcc/avr/4.9.2/avr6\libgcc.a(_clear_bss.o)
 .text.libgcc.builtins
                0x00000000        0x0 c:/program files (x86)/atmel/studio/7.0/toolchain/avr8/avr8-gnu-toolchain/bin/../lib/gcc/avr/4.9.2/avr6\libgcc.a(_clear_bss.o)
 .text.libgcc.fmul
                0x00000000        0x0 c:/program files (x86)/atmel/studio/7.0/toolchain/avr8/avr8-gnu-toolchain/bin/../lib/gcc/avr/4.9.2/avr6\libgcc.a(_clear_bss.o)
 .text.libgcc.fixed
                0x00000000        0x0 c:/program files (x86)/atmel/studio/7.0/toolchain/avr8/avr8-gnu-toolchain/bin/../lib/gcc/avr/4.9.2/avr6\libgcc.a(_clear_bss.o)
 .text          0x00000000        0x0 c:/program files (x86)/atmel/studio/7.0/toolchain/avr8/avr8-gnu-toolchain/bin/../lib/gcc/avr/4.9.2/avr6\libgcc.a(_umulhisi3.o)
 .data          0x00000000        0x0 c:/program files (x86)/atmel/studio/7.0/toolchain/avr8/avr8-gnu-toolchain/bin/../lib/gcc/avr/4.9.2/avr6\libgcc.a(_umulhisi3.o)
 .bss           0x00000000        0x0 c:/program files (x86)/atmel/studio/7.0/toolchain/avr8/avr8-gnu-toolchain/bin/../lib/gcc/avr/4.9.2/avr6\libgcc.a(_umulhisi3.o)
 .text.libgcc.mul
                0x00000000       0x1e c:/program files (x86)/atmel/studio/7.0/toolchain/avr8/avr8-gnu-toolchain/bin/../lib/gcc/avr/4.9.2/avr6\libgcc.a(_umulhisi3.o)
 .text.libgcc.div
                0x00000000        0x0 c:/program files (x86)/atmel/studio/7.0/toolchain/avr8/avr8-gnu-toolchain/bin/../lib/gcc/avr/4.9.2/avr6\libgcc.a(_umulhisi3.o)
 .text.libgcc   0x00000000        0x0 c:/program files (x86)/atmel/studio/7.0/toolchain/avr8/avr8-gnu-toolchain/bin/../lib/gcc/avr/4.9.2/avr6\libgcc.a(_umulhisi3.o)
 .text.libgcc.prologue
                0x00000000        0x0 c:/program files (x86)/atmel/studio/7.0/toolchain/avr8/avr8-gnu-toolchain/bin/../lib/gcc/avr/4.9.2/avr6\libgcc.a(_umulhisi3.o)
 .text.libgcc.builtins
                0x00000000        0x0 c:/program files (x86)/atmel/studio/7.0/toolchain/avr8/avr8-gnu-toolchain/bin/../lib/gcc/avr/4.9.2/avr6\libgcc.a(_umulhisi3.o)
 .text.libgcc.fmul
                0x00000000        0x0 c:/program files (x86)/atmel/studio/7.0/toolchain/avr8/avr8-gnu-toolchain/bin/../lib/gcc/avr/4.9.2/avr6\libgcc.a(_umulhisi3.o)
 .text.libgcc.fixed
                0x00000000        0x0 c:/program files (x86)/atmel/studio/7.0/toolchain/avr8/avr8-gnu-toolchain/bin/../lib/gcc/avr/4.9.2/avr6\libgcc.a(_umulhisi3.o)
 .text          0x00000000        0x0 c:/program files (x86)/atmel/studio/7.0/toolchain/avr8/avr8-gnu-toolchain/bin/../lib/gcc/avr/4.9.2/../../../../avr/lib/avr6\libc.a(memcpy.o)
 .data          0x00000000        0x0 c:/program files (x86)/atmel/studio/7.0/toolchain/avr8/avr8-gnu-toolchain/bin/../lib/gcc/avr/4.9.2/../../../../avr/lib/avr6\libc.a(memcpy.o)
 .bss           0x00000000        0x0 c:/program files (x86)/atmel/studio/7.0/toolchain/avr8/avr8-gnu-toolchain/bin/../lib/gcc/avr/4.9.2/../../../../avr/lib/avr6\libc.a(memcpy.o)

Memory Configuration

Name             Origin             Length             Attributes
text             0x00000000         0x00100000         xr
data             0x00800200         0x0000fe00         rw !x
eeprom           0x00810000         0x00010000         rw !x
fuse             0x00820000         0x00000400         rw !x
lock             0x00830000         0x00000400         rw !x
signature        0x00840000         0x00000400         rw !x
user_signatures  0x00850000         0x00000400         rw !x
*default*        0x00000000         0xffffffff

Linker script and memory map

Address of section .data set to 0x800200
LOAD C:/Program Files (x86)/Atmel/Studio/7.0/Packs/atmel/ATmega_DFP/1.0.98/gcc/dev/atmega2560/avr6/crtatmega2560.o
LOAD src/Common/Minimal/comtest.o
LOAD src/Common/Minimal/crflash.o
LOAD src/Common/Minimal/integer.o
LOAD src/Common/Minimal/PollQ.o
LOAD src/FreeRTOS/Source/event_groups.o
LOAD src/FreeRTOS/Source/list.o
LOAD src/FreeRTOS/Source/portable/croutine.o
LOAD src/FreeRTOS/Source/portable/GCC/ATMega256x/port.o
LOAD src/FreeRTOS/Source/portable/MemMang/heap_1.o
LOAD src/FreeRTOS/Source/queue.o
LOAD src/FreeRTOS/Source/tasks.o
LOAD src/FreeRTOS/Source/timers.o
LOAD src/main.o
LOAD src/serial/serial.o
START GROUP
LOAD c:/program files (x86)/atmel/studio/7.0/toolchain/avr8/avr8-gnu-toolchain/bin/../lib/gcc/avr/4.9.2/../../../../avr/lib/avr6\libm.a
END GROUP
START GROUP
LOAD c:/program files (x86)/atmel/studio/7.0/toolchain/avr8/avr8-gnu-toolchain/bin/../lib/gcc/avr/4.9.2/avr6\libgcc.a
LOAD c:/program files (x86)/atmel/studio/7.0/toolchain/avr8/avr8-gnu-toolchain/bin/../lib/gcc/avr/4.9.2/../../../../avr/lib/avr6\libm.a
LOAD c:/program files (x86)/atmel/studio/7.0/toolchain/avr8/avr8-gnu-toolchain/bin/../lib/gcc/avr/4.9.2/../../../../avr/lib/avr6\libc.a
LOAD C:/Program Files (x86)/Atmel/Studio/7.0/Packs/atmel/ATmega_DFP/1.0.98/gcc/dev/atmega2560/avr6\libatmega2560.a
END GROUP

.hash
 *(.hash)

.dynsym
 *(.dynsym)

.dynstr
 *(.dynstr)

.gnu.version
 *(.gnu.version)

.gnu.version_d
 *(.gnu.version_d)

.gnu.version_r
 *(.gnu.version_r)

.rel.init
 *(.rel.init)

.rela.init
 *(.rela.init)

.rel.text
 *(.rel.text)
 *(.rel.text.*)
 *(.rel.gnu.linkonce.t*)

.rela.text
 *(.rela.text)
 *(.rela.text.*)
 *(.rela.gnu.linkonce.t*)

.rel.fini
 *(.rel.fini)

.rela.fini
 *(.rela.fini)

.rel.rodata
 *(.rel.rodata)
 *(.rel.rodata.*)
 *(.rel.gnu.linkonce.r*)

.rela.rodata
 *(.rela.rodata)
 *(.rela.rodata.*)
 *(.rela.gnu.linkonce.r*)

.rel.data
 *(.rel.data)
 *(.rel.data.*)
 *(.rel.gnu.linkonce.d*)

.rela.data
 *(.rela.data)
 *(.rela.data.*)
 *(.rela.gnu.linkonce.d*)

.rel.ctors
 *(.rel.ctors)

.rela.ctors
 *(.rela.ctors)

.rel.dtors
 *(.rel.dtors)

.rela.dtors
 *(.rela.dtors)

.rel.got
 *(.rel.got)

.rela.got
 *(.rela.got)

.rel.bss
 *(.rel.bss)

.rela.bss
 *(.rela.bss)

.rel.plt
 *(.rel.plt)

.rela.plt
 *(.rela.plt)

.text           0x00000000     0x3572
 *(.vectors)
 .vectors       0x00000000       0xe4 C:/Program Files (x86)/Atmel/Studio/7.0/Packs/atmel/ATmega_DFP/1.0.98/gcc/dev/atmega2560/avr6/crtatmega2560.o
                0x00000000                __vectors
 *(.vectors)
 *(.progmem.gcc*)
 .progmem.gcc_sw_table.prvProcessReceivedCommands
                0x000000e4       0x14 src/FreeRTOS/Source/timers.o
                0x000000f8                . = ALIGN (0x2)
                0x000000f8                __trampolines_start = .
 *(.trampolines)
 .trampolines   0x000000f8        0x0 linker stubs
 *(.trampolines*)
                0x000000f8                __trampolines_end = .
 *(.progmem*)
                0x000000f8                . = ALIGN (0x2)
 *(.jumptables)
 *(.jumptables*)
 *(.lowtext)
 .lowtext       0x000000f8       0x24 src/FreeRTOS/Source/tasks.o
 *(.lowtext*)
                0x0000011c                __ctors_start = .
 *(.ctors)
                0x0000011c                __ctors_end = .
                0x0000011c                __dtors_start = .
 *(.dtors)
                0x0000011c                __dtors_end = .
 SORT(*)(.ctors)
 SORT(*)(.dtors)
 *(.init0)
 .init0         0x0000011c        0x0 C:/Program Files (x86)/Atmel/Studio/7.0/Packs/atmel/ATmega_DFP/1.0.98/gcc/dev/atmega2560/avr6/crtatmega2560.o
                0x0000011c                __init
 *(.init0)
 *(.init1)
 *(.init1)
 *(.init2)
 .init2         0x0000011c       0x10 C:/Program Files (x86)/Atmel/Studio/7.0/Packs/atmel/ATmega_DFP/1.0.98/gcc/dev/atmega2560/avr6/crtatmega2560.o
 *(.init2)
 *(.init3)
 *(.init3)
 *(.init4)
 .init4         0x0000012c       0x1a c:/program files (x86)/atmel/studio/7.0/toolchain/avr8/avr8-gnu-toolchain/bin/../lib/gcc/avr/4.9.2/avr6\libgcc.a(_copy_data.o)
                0x0000012c                __do_copy_data
 .init4         0x00000146       0x10 c:/program files (x86)/atmel/studio/7.0/toolchain/avr8/avr8-gnu-toolchain/bin/../lib/gcc/avr/4.9.2/avr6\libgcc.a(_clear_bss.o)
                0x00000146                __do_clear_bss
 *(.init4)
 *(.init5)
 *(.init5)
 *(.init6)
 *(.init6)
 *(.init7)
 *(.init7)
 *(.init8)
 *(.init8)
 *(.init9)
 .init9         0x00000156        0x8 C:/Program Files (x86)/Atmel/Studio/7.0/Packs/atmel/ATmega_DFP/1.0.98/gcc/dev/atmega2560/avr6/crtatmega2560.o
 *(.init9)
 *(.text)
 .text          0x0000015e        0x4 C:/Program Files (x86)/Atmel/Studio/7.0/Packs/atmel/ATmega_DFP/1.0.98/gcc/dev/atmega2560/avr6/crtatmega2560.o
                0x0000015e                __vector_38
                0x0000015e                __vector_22
                0x0000015e                __vector_28
                0x0000015e                __vector_1
                0x0000015e                __vector_34
                0x0000015e                __vector_24
                0x0000015e                __vector_12
                0x0000015e                __vector_55
                0x0000015e                __vector_46
                0x0000015e                __bad_interrupt
                0x0000015e                __vector_6
                0x0000015e                __vector_31
                0x0000015e                __vector_35
                0x0000015e                __vector_39
                0x0000015e                __vector_3
                0x0000015e                __vector_23
                0x0000015e                __vector_30
                0x0000015e                __vector_45
                0x0000015e                __vector_11
                0x0000015e                __vector_54
                0x0000015e                __vector_13
                0x0000015e                __vector_17
                0x0000015e                __vector_19
                0x0000015e                __vector_56
                0x0000015e                __vector_7
                0x0000015e                __vector_49
                0x0000015e                __vector_41
                0x0000015e                __vector_43
                0x0000015e                __vector_27
                0x0000015e                __vector_5
                0x0000015e                __vector_33
                0x0000015e                __vector_47
                0x0000015e                __vector_52
                0x0000015e                __vector_37
                0x0000015e                __vector_4
                0x0000015e                __vector_44
                0x0000015e                __vector_51
                0x0000015e                __vector_9
                0x0000015e                __vector_2
                0x0000015e                __vector_21
                0x0000015e                __vector_15
                0x0000015e                __vector_36
                0x0000015e                __vector_29
                0x0000015e                __vector_40
                0x0000015e                __vector_8
                0x0000015e                __vector_48
                0x0000015e                __vector_14
                0x0000015e                __vector_53
                0x0000015e                __vector_10
                0x0000015e                __vector_50
                0x0000015e                __vector_16
                0x0000015e                __vector_18
                0x0000015e                __vector_20
                0x0000015e                __vector_42
                0x00000162                . = ALIGN (0x2)
 *(.text.*)
 .text.vListInitialise
                0x00000162       0x6c src/FreeRTOS/Source/list.o
                0x00000162                vListInitialise
 .text.vListInitialiseItem
                0x000001ce       0x24 src/FreeRTOS/Source/list.o
                0x000001ce                vListInitialiseItem
 .text.vListInsertEnd
                0x000001f2       0x9a src/FreeRTOS/Source/list.o
                0x000001f2                vListInsertEnd
 .text.vListInsert
                0x0000028c       0xee src/FreeRTOS/Source/list.o
                0x0000028c                vListInsert
 .text.uxListRemove
                0x0000037a       0xae src/FreeRTOS/Source/list.o
                0x0000037a                uxListRemove
 .text.prvCheckPendingReadyList
                0x00000428       0x94 src/FreeRTOS/Source/portable/croutine.o
 .text.prvCheckDelayedList
                0x000004bc      0x164 src/FreeRTOS/Source/portable/croutine.o
 .text.vCoRoutineSchedule
                0x00000620      0x104 src/FreeRTOS/Source/portable/croutine.o
                0x00000620                vCoRoutineSchedule
 .text.pxPortInitialiseStack
                0x00000724      0x388 src/FreeRTOS/Source/portable/GCC/ATMega256x/port.o
                0x00000724                pxPortInitialiseStack
 .text.xPortStartScheduler
                0x00000aac       0x70 src/FreeRTOS/Source/portable/GCC/ATMega256x/port.o
                0x00000aac                xPortStartScheduler
 .text.vPortYield
                0x00000b1c       0xc2 src/FreeRTOS/Source/portable/GCC/ATMega256x/port.o
                0x00000b1c                vPortYield
 .text.vPortYieldFromTick
                0x00000bde       0xf8 src/FreeRTOS/Source/portable/GCC/ATMega256x/port.o
                0x00000bde                vPortYieldFromTick
 .text.prvSetupTimerInterrupt
                0x00000cd6      0x130 src/FreeRTOS/Source/portable/GCC/ATMega256x/port.o
 .text.__vector_32
                0x00000e06        0x4 src/FreeRTOS/Source/portable/GCC/ATMega256x/port.o
                0x00000e06                __vector_32
 .text.pvPortMalloc
                0x00000e0a       0xa6 src/FreeRTOS/Source/portable/MemMang/heap_1.o
                0x00000e0a                pvPortMalloc
 .text.vPortFree
                0x00000eb0       0x1a src/FreeRTOS/Source/portable/MemMang/heap_1.o
                0x00000eb0                vPortFree
 .text.xQueueGenericReset
                0x00000eca      0x122 src/FreeRTOS/Source/queue.o
                0x00000eca                xQueueGenericReset
 .text.xQueueGenericCreate
                0x00000fec       0xcc src/FreeRTOS/Source/queue.o
                0x00000fec                xQueueGenericCreate
 .text.xQueueCreateCountingSemaphore
                0x000010b8       0x40 src/FreeRTOS/Source/queue.o
                0x000010b8                xQueueCreateCountingSemaphore
 .text.xQueueGenericSend
                0x000010f8      0x14a src/FreeRTOS/Source/queue.o
                0x000010f8                xQueueGenericSend
 .text.xQueueGenericSendFromISR
                0x00001242       0xbc src/FreeRTOS/Source/queue.o
                0x00001242                xQueueGenericSendFromISR
 .text.xQueueGenericReceive
                0x000012fe      0x17c src/FreeRTOS/Source/queue.o
                0x000012fe                xQueueGenericReceive
 .text.xQueueReceiveFromISR
                0x0000147a       0xbe src/FreeRTOS/Source/queue.o
                0x0000147a                xQueueReceiveFromISR
 .text.prvCopyDataToQueue
                0x00001538      0x17e src/FreeRTOS/Source/queue.o
 .text.prvCopyDataFromQueue
                0x000016b6       0xa0 src/FreeRTOS/Source/queue.o
 .text.prvUnlockQueue
                0x00001756       0xc2 src/FreeRTOS/Source/queue.o
 .text.prvIsQueueEmpty
                0x00001818       0x3a src/FreeRTOS/Source/queue.o
 .text.prvIsQueueFull
                0x00001852       0x42 src/FreeRTOS/Source/queue.o
 .text.vQueueWaitForMessageRestricted
                0x00001894       0x80 src/FreeRTOS/Source/queue.o
                0x00001894                vQueueWaitForMessageRestricted
 .text.xTaskGenericCreate
                0x00001914      0x1c4 src/FreeRTOS/Source/tasks.o
                0x00001914                xTaskGenericCreate
 .text.vTaskDelete
                0x00001ad8       0xb4 src/FreeRTOS/Source/tasks.o
                0x00001ad8                vTaskDelete
 .text.vTaskDelay
                0x00001b8c       0x64 src/FreeRTOS/Source/tasks.o
                0x00001b8c                vTaskDelay
 .text.vTaskStartScheduler
                0x00001bf0       0x74 src/FreeRTOS/Source/tasks.o
                0x00001bf0                vTaskStartScheduler
 .text.vTaskSuspendAll
                0x00001c64       0x18 src/FreeRTOS/Source/tasks.o
                0x00001c64                vTaskSuspendAll
 .text.xTaskResumeAll
                0x00001c7c      0x118 src/FreeRTOS/Source/tasks.o
                0x00001c7c                xTaskResumeAll
 .text.xTaskGetTickCount
                0x00001d94       0x30 src/FreeRTOS/Source/tasks.o
                0x00001d94                xTaskGetTickCount
 .text.xTaskIncrementTick
                0x00001dc4      0x1da src/FreeRTOS/Source/tasks.o
                0x00001dc4                xTaskIncrementTick
 .text.vTaskSwitchContext
                0x00001f9e      0x11e src/FreeRTOS/Source/tasks.o
                0x00001f9e                vTaskSwitchContext
 .text.vTaskPlaceOnEventList
                0x000020bc       0x66 src/FreeRTOS/Source/tasks.o
                0x000020bc                vTaskPlaceOnEventList
 .text.vTaskPlaceOnEventListRestricted
                0x00002122       0x66 src/FreeRTOS/Source/tasks.o
                0x00002122                vTaskPlaceOnEventListRestricted
 .text.xTaskRemoveFromEventList
                0x00002188       0xda src/FreeRTOS/Source/tasks.o
                0x00002188                xTaskRemoveFromEventList
 .text.vTaskSetTimeOutState
                0x00002262       0x38 src/FreeRTOS/Source/tasks.o
                0x00002262                vTaskSetTimeOutState
 .text.xTaskCheckForTimeOut
                0x0000229a       0xce src/FreeRTOS/Source/tasks.o
                0x0000229a                xTaskCheckForTimeOut
 .text.vTaskMissedYield
                0x00002368       0x14 src/FreeRTOS/Source/tasks.o
                0x00002368                vTaskMissedYield
 .text.prvInitialiseTCBVariables
                0x0000237c      0x108 src/FreeRTOS/Source/tasks.o
 .text.prvInitialiseTaskLists
                0x00002484       0x7a src/FreeRTOS/Source/tasks.o
 .text.prvCheckTasksWaitingTermination
                0x000024fe       0x78 src/FreeRTOS/Source/tasks.o
 .text.prvAddCurrentTaskToDelayedList
                0x00002576       0x96 src/FreeRTOS/Source/tasks.o
 .text.prvAllocateTCBAndStack
                0x0000260c       0x86 src/FreeRTOS/Source/tasks.o
 .text.prvDeleteTCB
                0x00002692       0x30 src/FreeRTOS/Source/tasks.o
 .text.prvResetNextTaskUnblockTime
                0x000026c2       0x5e src/FreeRTOS/Source/tasks.o
 .text.xTaskGetSchedulerState
                0x00002720       0x32 src/FreeRTOS/Source/tasks.o
                0x00002720                xTaskGetSchedulerState
 .text.xTimerCreateTimerTask
                0x00002752       0x62 src/FreeRTOS/Source/timers.o
                0x00002752                xTimerCreateTimerTask
 .text.xTimerCreate
                0x000027b4       0xb4 src/FreeRTOS/Source/timers.o
                0x000027b4                xTimerCreate
 .text.xTimerGenericCommand
                0x00002868       0xc2 src/FreeRTOS/Source/timers.o
                0x00002868                xTimerGenericCommand
 .text.prvProcessExpiredTimer
                0x0000292a       0xb2 src/FreeRTOS/Source/timers.o
 .text.prvTimerTask
                0x000029dc       0x2a src/FreeRTOS/Source/timers.o
 .text.prvProcessTimerOrBlockTask
                0x00002a06       0x82 src/FreeRTOS/Source/timers.o
 .text.prvGetNextExpireTime
                0x00002a88       0x6a src/FreeRTOS/Source/timers.o
 .text.prvSampleTimeNow
                0x00002af2       0x5c src/FreeRTOS/Source/timers.o
 .text.prvInsertTimerInActiveList
                0x00002b4e       0xda src/FreeRTOS/Source/timers.o
 .text.prvProcessReceivedCommands
                0x00002c28      0x16a src/FreeRTOS/Source/timers.o
 .text.prvSwitchTimerLists
                0x00002d92      0x132 src/FreeRTOS/Source/timers.o
 .text.prvCheckForValidListAndQueue
                0x00002ec4       0x5e src/FreeRTOS/Source/timers.o
 .text.vTimerCallback1
                0x00002f22       0x30 src/main.o
                0x00002f22                vTimerCallback1
 .text.vTimerCallback2
                0x00002f52       0x30 src/main.o
                0x00002f52                vTimerCallback2
 .text.vTimerCallback3
                0x00002f82       0x30 src/main.o
                0x00002f82                vTimerCallback3
 .text.vTask1   0x00002fb2       0x6e src/main.o
                0x00002fb2                vTask1
 .text.vTask2   0x00003020       0x6e src/main.o
                0x00003020                vTask2
 .text.vTask3   0x0000308e       0x6e src/main.o
                0x0000308e                vTask3
 .text.vControlTask
                0x000030fc       0xd2 src/main.o
                0x000030fc                vControlTask
 .text.main     0x000031ce      0x156 src/main.o
                0x000031ce                main
 .text.vApplicationIdleHook
                0x00003324       0x12 src/main.o
                0x00003324                vApplicationIdleHook
 .text.__vector_default
                0x00003336       0x5a src/main.o
                0x00003336                __vector_default
 .text.vApplicationStackOverflowHook
                0x00003390       0x34 src/main.o
                0x00003390                vApplicationStackOverflowHook
 .text.__vector_25
                0x000033c4       0x98 src/serial/serial.o
                0x000033c4                __vector_25
 .text.__vector_26
                0x0000345c       0xac src/serial/serial.o
                0x0000345c                __vector_26
 .text.libgcc.div
                0x00003508       0x44 c:/program files (x86)/atmel/studio/7.0/toolchain/avr8/avr8-gnu-toolchain/bin/../lib/gcc/avr/4.9.2/avr6\libgcc.a(_udivmodsi4.o)
                0x00003508                __udivmodsi4
 .text.libgcc   0x0000354c       0x10 c:/program files (x86)/atmel/studio/7.0/toolchain/avr8/avr8-gnu-toolchain/bin/../lib/gcc/avr/4.9.2/avr6\libgcc.a(_tablejump2.o)
                0x0000354c                __tablejump2__
 .text.avr-libc
                0x0000355c       0x12 c:/program files (x86)/atmel/studio/7.0/toolchain/avr8/avr8-gnu-toolchain/bin/../lib/gcc/avr/4.9.2/../../../../avr/lib/avr6\libc.a(memcpy.o)
                0x0000355c                memcpy
                0x0000356e                . = ALIGN (0x2)
 *(.fini9)
 .fini9         0x0000356e        0x0 c:/program files (x86)/atmel/studio/7.0/toolchain/avr8/avr8-gnu-toolchain/bin/../lib/gcc/avr/4.9.2/avr6\libgcc.a(_exit.o)
                0x0000356e                _exit
                0x0000356e                exit
 *(.fini9)
 *(.fini8)
 *(.fini8)
 *(.fini7)
 *(.fini7)
 *(.fini6)
 *(.fini6)
 *(.fini5)
 *(.fini5)
 *(.fini4)
 *(.fini4)
 *(.fini3)
 *(.fini3)
 *(.fini2)
 *(.fini2)
 *(.fini1)
 *(.fini1)
 *(.fini0)
 .fini0         0x0000356e        0x4 c:/program files (x86)/atmel/studio/7.0/toolchain/avr8/avr8-gnu-toolchain/bin/../lib/gcc/avr/4.9.2/avr6\libgcc.a(_exit.o)
 *(.fini0)
                0x00003572                _etext = .

.data           0x00800200       0x44 load address 0x00003572
                0x00800200                PROVIDE (__data_start, .)
 *(.data)
 *(.data*)
 .data.xNextTaskUnblockTime
                0x00800200        0x2 src/FreeRTOS/Source/tasks.o
 *(.rodata)
 .rodata        0x00800202        0x5 src/FreeRTOS/Source/tasks.o
 .rodata        0x00800207        0x8 src/FreeRTOS/Source/timers.o
 .rodata        0x0080020f       0x35 src/main.o
 *(.rodata*)
 *(.gnu.linkonce.d*)
                0x00800244                . = ALIGN (0x2)
                0x00800244                _edata = .
                0x00800244                PROVIDE (__data_end, .)

.bss            0x00800244      0xa77
                0x00800244                PROVIDE (__bss_start, .)
 *(.bss)
 *(.bss*)
 .bss.pxReadyCoRoutineLists
                0x00800244       0x12 src/FreeRTOS/Source/portable/croutine.o
 .bss.pxDelayedCoRoutineList
                0x00800256        0x2 src/FreeRTOS/Source/portable/croutine.o
 .bss.pxOverflowDelayedCoRoutineList
                0x00800258        0x2 src/FreeRTOS/Source/portable/croutine.o
 .bss.xPendingReadyCoRoutineList
                0x0080025a        0x9 src/FreeRTOS/Source/portable/croutine.o
 .bss.pxCurrentCoRoutine
                0x00800263        0x2 src/FreeRTOS/Source/portable/croutine.o
                0x00800263                pxCurrentCoRoutine
 .bss.uxTopCoRoutineReadyPriority
                0x00800265        0x1 src/FreeRTOS/Source/portable/croutine.o
 .bss.xCoRoutineTickCount
                0x00800266        0x2 src/FreeRTOS/Source/portable/croutine.o
 .bss.xLastTickCount
                0x00800268        0x2 src/FreeRTOS/Source/portable/croutine.o
 .bss.xPassedTicks
                0x0080026a        0x2 src/FreeRTOS/Source/portable/croutine.o
 .bss.portTickRateHz
                0x0080026c        0x2 src/FreeRTOS/Source/portable/GCC/ATMega256x/port.o
 .bss.ticksRemainingInSec
                0x0080026e        0x2 src/FreeRTOS/Source/portable/GCC/ATMega256x/port.o
 .bss.ucHeap    0x00800270      0x9c4 src/FreeRTOS/Source/portable/MemMang/heap_1.o
 .bss.xNextFreeByte
                0x00800c34        0x2 src/FreeRTOS/Source/portable/MemMang/heap_1.o
 .bss.pucAlignedHeap.1885
                0x00800c36        0x2 src/FreeRTOS/Source/portable/MemMang/heap_1.o
 .bss.pxCurrentTCB
                0x00800c38        0x2 src/FreeRTOS/Source/tasks.o
                0x00800c38                pxCurrentTCB
 .bss.pxReadyTasksLists
                0x00800c3a       0x24 src/FreeRTOS/Source/tasks.o
 .bss.xDelayedTaskList1
                0x00800c5e        0x9 src/FreeRTOS/Source/tasks.o
 .bss.xDelayedTaskList2
                0x00800c67        0x9 src/FreeRTOS/Source/tasks.o
 .bss.pxDelayedTaskList
                0x00800c70        0x2 src/FreeRTOS/Source/tasks.o
 .bss.pxOverflowDelayedTaskList
                0x00800c72        0x2 src/FreeRTOS/Source/tasks.o
 .bss.xPendingReadyList
                0x00800c74        0x9 src/FreeRTOS/Source/tasks.o
 .bss.xTasksWaitingTermination
                0x00800c7d        0x9 src/FreeRTOS/Source/tasks.o
 .bss.uxTasksDeleted
                0x00800c86        0x1 src/FreeRTOS/Source/tasks.o
 .bss.uxCurrentNumberOfTasks
                0x00800c87        0x1 src/FreeRTOS/Source/tasks.o
 .bss.xTickCount
                0x00800c88        0x2 src/FreeRTOS/Source/tasks.o
 .bss.uxTopReadyPriority
                0x00800c8a        0x1 src/FreeRTOS/Source/tasks.o
 .bss.xSchedulerRunning
                0x00800c8b        0x1 src/FreeRTOS/Source/tasks.o
 .bss.uxPendedTicks
                0x00800c8c        0x1 src/FreeRTOS/Source/tasks.o
 .bss.xYieldPending
                0x00800c8d        0x1 src/FreeRTOS/Source/tasks.o
 .bss.xNumOfOverflows
                0x00800c8e        0x1 src/FreeRTOS/Source/tasks.o
 .bss.uxTaskNumber
                0x00800c8f        0x1 src/FreeRTOS/Source/tasks.o
 .bss.uxSchedulerSuspended
                0x00800c90        0x1 src/FreeRTOS/Source/tasks.o
 .bss.xActiveTimerList1
                0x00800c91        0x9 src/FreeRTOS/Source/timers.o
 .bss.xActiveTimerList2
                0x00800c9a        0x9 src/FreeRTOS/Source/timers.o
 .bss.pxCurrentTimerList
                0x00800ca3        0x2 src/FreeRTOS/Source/timers.o
 .bss.pxOverflowTimerList
                0x00800ca5        0x2 src/FreeRTOS/Source/timers.o
 .bss.xTimerQueue
                0x00800ca7        0x2 src/FreeRTOS/Source/timers.o
 .bss.xLastTime.2131
                0x00800ca9        0x2 src/FreeRTOS/Source/timers.o
 .bss.xRxedChars
                0x00800cab        0x2 src/serial/serial.o
 .bss.xCharsForTx
                0x00800cad        0x2 src/serial/serial.o
 *(COMMON)
 COMMON         0x00800caf        0xc src/main.o
                0x00800caf                xSemaphore3
                0x00800cb1                xSemaphore1
                0x00800cb3                xTimer2
                0x00800cb5                xSemaphore2
                0x00800cb7                xTimer1
                0x00800cb9                xTimer3
                0x00800cbb                PROVIDE (__bss_end, .)
                0x00003572                __data_load_start = LOADADDR (.data)
                0x000035b6                __data_load_end = (__data_load_start + SIZEOF (.data))

.noinit         0x00800cbb        0x0
                0x00800cbb                PROVIDE (__noinit_start, .)
 *(.noinit*)
                0x00800cbb                PROVIDE (__noinit_end, .)
                0x00800cbb                _end = .
                0x00800cbb                PROVIDE (__heap_start, .)

.eeprom         0x00810000        0x0
 *(.eeprom*)
                0x00810000                __eeprom_end = .

.fuse
 *(.fuse)
 *(.lfuse)
 *(.hfuse)
 *(.efuse)

.lock
 *(.lock*)

.signature
 *(.signature*)

.user_signatures
 *(.user_signatures*)

.stab
 *(.stab)

.stabstr
 *(.stabstr)

.stab.excl
 *(.stab.excl)

.stab.exclstr
 *(.stab.exclstr)

.stab.index
 *(.stab.index)

.stab.indexstr
 *(.stab.indexstr)

.comment        0x00000000       0x30
 *(.comment)
 .comment       0x00000000       0x30 src/FreeRTOS/Source/list.o
                                 0x31 (size before relaxing)
 .comment       0x00000030       0x31 src/FreeRTOS/Source/portable/croutine.o
 .comment       0x00000030       0x31 src/FreeRTOS/Source/portable/GCC/ATMega256x/port.o
 .comment       0x00000030       0x31 src/FreeRTOS/Source/portable/MemMang/heap_1.o
 .comment       0x00000030       0x31 src/FreeRTOS/Source/queue.o
 .comment       0x00000030       0x31 src/FreeRTOS/Source/tasks.o
 .comment       0x00000030       0x31 src/FreeRTOS/Source/timers.o
 .comment       0x00000030       0x31 src/main.o
 .comment       0x00000030       0x31 src/serial/serial.o

.note.gnu.avr.deviceinfo
                0x00000000       0x40
 .note.gnu.avr.deviceinfo
                0x00000000       0x40 C:/Program Files (x86)/Atmel/Studio/7.0/Packs/atmel/ATmega_DFP/1.0.98/gcc/dev/atmega2560/avr6/crtatmega2560.o

.note.gnu.build-id
 *(.note.gnu.build-id)

.debug
 *(.debug)

.line
 *(.line)

.debug_srcinfo
 *(.debug_srcinfo)

.debug_sfnames
 *(.debug_sfnames)

.debug_aranges  0x00000000      0x480
 *(.debug_aranges)
 .debug_aranges
                0x00000000       0x40 src/FreeRTOS/Source/list.o
 .debug_aranges
                0x00000040       0x50 src/FreeRTOS/Source/portable/croutine.o
 .debug_aranges
                0x00000090       0x50 src/FreeRTOS/Source/portable/GCC/ATMega256x/port.o
 .debug_aranges
                0x000000e0       0x38 src/FreeRTOS/Source/portable/MemMang/heap_1.o
 .debug_aranges
                0x00000118       0xe0 src/FreeRTOS/Source/queue.o
 .debug_aranges
                0x000001f8      0x138 src/FreeRTOS/Source/tasks.o
 .debug_aranges
                0x00000330       0x98 src/FreeRTOS/Source/timers.o
 .debug_aranges
                0x000003c8       0x70 src/main.o
 .debug_aranges
                0x00000438       0x48 src/serial/serial.o

.debug_pubnames
 *(.debug_pubnames)

.debug_info     0x00000000     0x3537
 *(.debug_info .gnu.linkonce.wi.*)
 .debug_info    0x00000000      0x2a9 src/FreeRTOS/Source/list.o
 .debug_info    0x000002a9      0x4d8 src/FreeRTOS/Source/portable/croutine.o
 .debug_info    0x00000781      0x214 src/FreeRTOS/Source/portable/GCC/ATMega256x/port.o
 .debug_info    0x00000995      0x170 src/FreeRTOS/Source/portable/MemMang/heap_1.o
 .debug_info    0x00000b05      0xbf0 src/FreeRTOS/Source/queue.o
 .debug_info    0x000016f5      0xffb src/FreeRTOS/Source/tasks.o
 .debug_info    0x000026f0      0x874 src/FreeRTOS/Source/timers.o
 .debug_info    0x00002f64      0x320 src/main.o
 .debug_info    0x00003284      0x2b3 src/serial/serial.o

.debug_abbrev   0x00000000      0xb61
 *(.debug_abbrev)
 .debug_abbrev  0x00000000       0xc0 src/FreeRTOS/Source/list.o
 .debug_abbrev  0x000000c0      0x182 src/FreeRTOS/Source/portable/croutine.o
 .debug_abbrev  0x00000242      0x104 src/FreeRTOS/Source/portable/GCC/ATMega256x/port.o
 .debug_abbrev  0x00000346       0xf0 src/FreeRTOS/Source/portable/MemMang/heap_1.o
 .debug_abbrev  0x00000436      0x177 src/FreeRTOS/Source/queue.o
 .debug_abbrev  0x000005ad      0x21b src/FreeRTOS/Source/tasks.o
 .debug_abbrev  0x000007c8      0x1a4 src/FreeRTOS/Source/timers.o
 .debug_abbrev  0x0000096c       0xff src/main.o
 .debug_abbrev  0x00000a6b       0xf6 src/serial/serial.o

.debug_line     0x00000000     0x3303
 *(.debug_line .debug_line.* .debug_line_end)
 .debug_line    0x00000000      0x252 src/FreeRTOS/Source/list.o
 .debug_line    0x00000252      0x42f src/FreeRTOS/Source/portable/croutine.o
 .debug_line    0x00000681      0x496 src/FreeRTOS/Source/portable/GCC/ATMega256x/port.o
 .debug_line    0x00000b17      0x1d2 src/FreeRTOS/Source/portable/MemMang/heap_1.o
 .debug_line    0x00000ce9      0xb90 src/FreeRTOS/Source/queue.o
 .debug_line    0x00001879      0xf0a src/FreeRTOS/Source/tasks.o
 .debug_line    0x00002783      0x5cc src/FreeRTOS/Source/timers.o
 .debug_line    0x00002d4f      0x34b src/main.o
 .debug_line    0x0000309a      0x269 src/serial/serial.o

.debug_frame    0x00000000     0x10f4
 *(.debug_frame)
 .debug_frame   0x00000000       0xb4 src/FreeRTOS/Source/list.o
 .debug_frame   0x000000b4       0xf4 src/FreeRTOS/Source/portable/croutine.o
 .debug_frame   0x000001a8       0xc4 src/FreeRTOS/Source/portable/GCC/ATMega256x/port.o
 .debug_frame   0x0000026c       0x94 src/FreeRTOS/Source/portable/MemMang/heap_1.o
 .debug_frame   0x00000300      0x334 src/FreeRTOS/Source/queue.o
 .debug_frame   0x00000634      0x518 src/FreeRTOS/Source/tasks.o
 .debug_frame   0x00000b4c      0x274 src/FreeRTOS/Source/timers.o
 .debug_frame   0x00000dc0      0x1d0 src/main.o
 .debug_frame   0x00000f90      0x164 src/serial/serial.o

.debug_str      0x00000000     0x18a8
 *(.debug_str)
 .debug_str     0x00000000      0x26a src/FreeRTOS/Source/list.o
                                0x2a9 (size before relaxing)
 .debug_str     0x0000026a      0x2bd src/FreeRTOS/Source/portable/croutine.o
                                0x4db (size before relaxing)
 .debug_str     0x00000527      0x151 src/FreeRTOS/Source/portable/GCC/ATMega256x/port.o
                                0x2c1 (size before relaxing)
 .debug_str     0x00000678       0xb3 src/FreeRTOS/Source/portable/MemMang/heap_1.o
                                0x215 (size before relaxing)
 .debug_str     0x0000072b      0x467 src/FreeRTOS/Source/queue.o
                                0x6bc (size before relaxing)
 .debug_str     0x00000b92      0x776 src/FreeRTOS/Source/tasks.o
                                0xac4 (size before relaxing)
 .debug_str     0x00001308      0x3bb src/FreeRTOS/Source/timers.o
                                0x65a (size before relaxing)
 .debug_str     0x000016c3       0xe8 src/main.o
                                0x2be (size before relaxing)
 .debug_str     0x000017ab       0xfd src/serial/serial.o
                                0x2b0 (size before relaxing)

.debug_loc      0x00000000     0x23c9
 *(.debug_loc)
 .debug_loc     0x00000000      0x167 src/FreeRTOS/Source/list.o
 .debug_loc     0x00000167      0x1f7 src/FreeRTOS/Source/portable/croutine.o
 .debug_loc     0x0000035e      0x104 src/FreeRTOS/Source/portable/GCC/ATMega256x/port.o
 .debug_loc     0x00000462      0x106 src/FreeRTOS/Source/portable/MemMang/heap_1.o
 .debug_loc     0x00000568      0x6fd src/FreeRTOS/Source/queue.o
 .debug_loc     0x00000c65      0xb24 src/FreeRTOS/Source/tasks.o
 .debug_loc     0x00001789      0x54a src/FreeRTOS/Source/timers.o
 .debug_loc     0x00001cd3      0x3db src/main.o
 .debug_loc     0x000020ae      0x31b src/serial/serial.o

.debug_macinfo
 *(.debug_macinfo)

.debug_weaknames
 *(.debug_weaknames)

.debug_funcnames
 *(.debug_funcnames)

.debug_typenames
 *(.debug_typenames)

.debug_varnames
 *(.debug_varnames)

.debug_pubtypes
 *(.debug_pubtypes)

.debug_ranges   0x00000000      0x408
 *(.debug_ranges)
 .debug_ranges  0x00000000       0x30 src/FreeRTOS/Source/list.o
 .debug_ranges  0x00000030       0x40 src/FreeRTOS/Source/portable/croutine.o
 .debug_ranges  0x00000070       0x40 src/FreeRTOS/Source/portable/GCC/ATMega256x/port.o
 .debug_ranges  0x000000b0       0x28 src/FreeRTOS/Source/portable/MemMang/heap_1.o
 .debug_ranges  0x000000d8       0xd0 src/FreeRTOS/Source/queue.o
 .debug_ranges  0x000001a8      0x140 src/FreeRTOS/Source/tasks.o
 .debug_ranges  0x000002e8       0x88 src/FreeRTOS/Source/timers.o
 .debug_ranges  0x00000370       0x60 src/main.o
 .debug_ranges  0x000003d0       0x38 src/serial/serial.o

.debug_macro
 *(.debug_macro)
OUTPUT(FreeRTOS_VIA2.elf elf32-avr)
LOAD linker stubs
